12:28:42 [WARN] Failed to download or parse index XML from https://hostupdate.vmware.com/software/VUM/PRODUCTION/addon-main/vmw-depot-index.xml: client error (Connect)
12:28:42 [WARN] Error processing Host repository https://hostupdate.vmware.com/software/VUM/PRODUCTION/addon-main/vmw-depot-index.xml: client error (Connect)
12:28:42 [WARN] Failed to download or parse index XML from https://hostupdate.vmware.com/software/VUM/PRODUCTION/vmtools-main/vmw-depot-index.xml: client error (Connect)
12:28:42 [WARN] Failed to download or parse index XML from https://hostupdate.vmware.com/software/VUM/PRODUCTION/iovp-main/vmw-depot-index.xml: client error (Connect)
12:28:42 [WARN] Failed to download or parse index XML from https://hostupdate.vmware.com/software/VUM/PRODUCTION/main/vmw-depot-index.xml: client error (Connect)
12:28:42 [WARN] Error processing Host repository https://hostupdate.vmware.com/software/VUM/PRODUCTION/vmtools-main/vmw-depot-index.xml: client error (Connect)
12:28:42 [WARN] Error processing Host repository https://hostupdate.vmware.com/software/VUM/PRODUCTION/iovp-main/vmw-depot-index.xml: client error (Connect)
12:28:42 [WARN] Error processing Host repository https://hostupdate.vmware.com/software/VUM/PRODUCTION/main/vmw-depot-index.xml: client error (Connect)
12:28:42 [WARN] Error downloading https://vapp-updates.vmware.com/vai-catalog/valm/vmw/8d167796-34d5-4899-be0a-6daade4005a3/8.0.3.00400/manifest/manifest-latest.xml: client error (Connect)
12:28:42 [WARN] Error downloading https://vapp-updates.vmware.com/vai-catalog/valm/vmw/8d167796-34d5-4899-be0a-6daade4005a3/7.0.3.02200/manifest/manifest-latest.xml: client error (Connect)
12:28:42 [WARN] Error downloading https://vapp-updates.vmware.com/vai-catalog/valm/vmw/8d167796-34d5-4899-be0a-6daade4005a3/7.0.3.02200/manifest/manifest-latest.xml.sha256: client error (Connect)
12:28:42 [WARN] Error downloading https://vapp-updates.vmware.com/vai-catalog/valm/vmw/8d167796-34d5-4899-be0a-6daade4005a3/8.0.3.00400/manifest/manifest-latest.xml.sha256: client error (Connect)
12:28:42 [WARN] Error downloading https://vapp-updates.vmware.com/vai-catalog/valm/vmw/8d167796-34d5-4899-be0a-6daade4005a3/8.0.3.00400/manifest/manifest-latest.xml.sign: client error (Connect)
12:28:42 [WARN] Error downloading https://vapp-updates.vmware.com/vai-catalog/valm/vmw/8d167796-34d5-4899-be0a-6daade4005a3/7.0.3.02200/manifest/manifest-latest.xml.sign: client error (Connect)
12:28:42 [WARN] Error downloading https://vapp-updates.vmware.com/vai-catalog/valm/vmw/8d167796-34d5-4899-be0a-6daade4005a3/7.0.3.02200/package-pool/rpm-manifest.json: client error (Connect)
12:28:42 [WARN] Error downloading https://vapp-updates.vmware.com/vai-catalog/valm/vmw/8d167796-34d5-4899-be0a-6daade4005a3/8.0.3.00400/package-pool/rpm-manifest.json: client error (Connect)
12:28:42 [WARN] Error downloading https://vapp-updates.vmware.com/vai-catalog/valm/vmw/8d167796-34d5-4899-be0a-6daade4005a3/8.0.3.00400/package-pool/rpm-manifest.json.sha256: client error (Connect)
12:28:42 [WARN] Error downloading https://vapp-updates.vmware.com/vai-catalog/valm/vmw/8d167796-34d5-4899-be0a-6daade4005a3/7.0.3.02200/package-pool/rpm-manifest.json.sha256: client error (Connect)
12:28:42 [WARN] Error downloading https://vapp-updates.vmware.com/vai-catalog/valm/vmw/8d167796-34d5-4899-be0a-6daade4005a3/7.0.3.02200/package-pool/rpm-manifest.json.sign: client error (Connect)
12:28:42 [WARN] Error downloading https://vapp-updates.vmware.com/vai-catalog/valm/vmw/8d167796-34d5-4899-be0a-6daade4005a3/8.0.3.00400/package-pool/rpm-manifest.json.sign: client error (Connect)
